// Jest Snapshot v1, https://goo.gl/fbAQLP

exports[`<Button /> should render the Button component 1`] = `
<View
  accessible={true}
  focusable={false}
  onClick={[Function]}
  onResponderGrant={[Function]}
  onResponderMove={[Function]}
  onResponderRelease={[Function]}
  onResponderTerminate={[Function]}
  onResponderTerminationRequest={[Function]}
  onStartShouldSetResponder={[Function]}
  style={
    Object {
      "alignItems": "center",
      "backgroundColor": "#ffCD1E",
      "flexDirection": "row",
      "height": 64,
      "justifyContent": "center",
      "opacity": 1,
    }
  }
  testID="component-button-id"
>
  <Text
    allowFontScaling={false}
    style={
      Array [
        Object {
          "color": undefined,
          "fontSize": 32,
        },
        undefined,
        Object {
          "fontFamily": "anticon",
          "fontStyle": "normal",
          "fontWeight": "normal",
        },
        Object {},
      ]
    }
  >
    îš­
  </Text>
  <Text
    style={
      Array [
        Object {
          "fontSize": 24,
          "marginLeft": 16,
        },
      ]
    }
  >
    Login 
  </Text>
</View>
`;
