// Jest Snapshot v1, https://goo.gl/fbAQLP

exports[`<home /> should render the home component 1`] = `
<View
  style={
    Array [
      Object {
        "backgroundColor": "#f8f9fa",
        "flexBasis": 0,
        "flexGrow": 1,
        "flexShrink": 1,
      },
    ]
  }
  testID="component-home-id"
>
  <Text
    style={
      Array [
        Object {
          "fontFamily": "sens-bold",
          "fontSize": 24,
        },
      ]
    }
  >
    teste
  </Text>
</View>
`;
