// Jest Snapshot v1, https://goo.gl/fbAQLP

exports[`<UserPhoto /> should render the UserPhoto component 1`] = `
<View
  style={
    Array [
      Object {
        "backgroundColor": "blue",
        "flexBasis": 0,
        "flexGrow": 1,
        "flexShrink": 1,
        "height": 60,
        "width": 85,
      },
    ]
  }
  testID="component-user-photo-id"
>
  Body...
</View>
`;
